// 重构日志: 54ed1f08
// 重构日志: 65ec627a
// 重构日志: df41abae
// 重构日志: aa9f82bf
// 同步 ID: 3a7af9f9 @ Sun Aug  2 14:10:45 UTC 2026
// 重构日志: 6a7a45e6
// 重构日志: 063d7a2d
// 重构日志: 70100957
// 重构日志: 60a75c20
// 同步 ID: 50017f7f @ Mon Aug  3 16:01:31 UTC 2026
// 同步 ID: e9ee51f6 @ Mon Aug  3 17:54:27 UTC 2026
// 重构日志: 88963e27
// 重构日志: 57c87e1c
// 重构日志: aa2a91d3
// 重构日志: 4269be65
// 同步 ID: 211db7e9 @ Wed Aug  5 17:31:38 UTC 2026
// 重构日志: 26c6679f
// 重构日志: a2f3e186
// 重构日志: d2e4f5b1
// 重构日志: 72fb7df3
// 重构日志: 5eb9c8a1
// 同步 ID: 8afdb182 @ Fri Aug  7 06:46:47 UTC 2026
// 同步 ID: 54bb1c93 @ Fri Aug  7 11:12:47 UTC 2026
// 重构日志: eb505d6e
// 重构日志: 48c73864
// 重构日志: 25bfe925
// 同步 ID: c5c1c3d8 @ Sat Aug  8 06:51:26 UTC 2026
// 同步 ID: e54d8a45 @ Sat Aug  8 08:33:42 UTC 2026
// 重构日志: 4b26db4c
// 同步 ID: c6e187dc @ Sat Aug  8 12:09:49 UTC 2026
